// Jest Snapshot v1, https://goo.gl/fbAQLP

exports[`mergePackages should output a merged packages 1`] = `
Object {
  "actions": Object {
    "namespace1": Object {
      "action1": [Function],
      "action2": [Function],
    },
  },
  "libraries": Object {
    "frontity": Object {},
    "namespace3": Object {
      "lib1": "lib1",
      "lib2": MyLib {},
    },
    "namespace4": Object {
      "lib2": "lib2",
    },
  },
  "roots": Object {
    "namespace1": [Function],
    "namespace2": [Function],
    "namespace3": [Function],
    "namespace4": [Function],
  },
  "server": Object {},
  "state": Object {
    "frontity": Object {
      "debug": true,
      "mode": "default",
      "packages": Array [
        "package-1",
        "package-2",
        "package-3",
      ],
    },
    "namespace1": Object {
      "array1": Array [
        "item1",
        "item2",
        "item3",
      ],
      "prop1": "prop1 overwritten by package_2",
    },
    "namespace2": Object {
      "prop2": "prop2",
    },
    "namespace3": Object {
      "prop3": "prop3",
    },
    "namespace4": Object {
      "prop4": "prop4",
    },
  },
}
`;
