// Jest Snapshot v1, https://goo.gl/fbAQLP

exports[`Image works just fine 1`] = `
Array [
  <noscript>
    <img
      alt="Some fake alt text"
      className="frontity-lazy-image fake-class-name"
      loading="auto"
      src="https://fake-src.com/fake-image.jpg"
      srcSet="https://fake-src.com/fake-image.jpg?w=300 300w, https://fake-src.com/fake-image.jpg?w=150 150w"
    />
  </noscript>,
  <img
    alt="Some fake alt text"
    className="frontity-lazy-image fake-class-name"
    data-src="https://fake-src.com/fake-image.jpg"
    data-srcset="https://fake-src.com/fake-image.jpg?w=300 300w, https://fake-src.com/fake-image.jpg?w=150 150w"
    loading="auto"
    style={
      Object {
        "visibility": "hidden",
      }
    }
  />,
]
`;
