// Jest Snapshot v1, https://goo.gl/fbAQLP

exports[`Babel returns for development 1`] = `
Object {
  "es5": Object {
    "compact": true,
    "plugins": Array [
      Array [
        "@emotion/babel-plugin",
        Object {
          "importMap": Object {
            "frontity": Object {
              "Global": Object {
                "canonicalImport": Array [
                  "@emotion/react",
                  "Global",
                ],
              },
              "css": Object {
                "canonicalImport": Array [
                  "@emotion/react",
                  "css",
                ],
              },
              "styled": Object {
                "canonicalImport": Array [
                  "@emotion/styled",
                  "default",
                ],
              },
            },
          },
        },
      ],
      "babel-plugin-macros",
      "@babel/plugin-syntax-dynamic-import",
      "@loadable/babel-plugin",
      "@babel/plugin-proposal-object-rest-spread",
      "@babel/plugin-proposal-class-properties",
      "babel-plugin-lodash",
      Array [
        "babel-plugin-transform-inline-environment-variables",
        Object {
          "include": Array [
            "CWD",
          ],
        },
      ],
    ],
    "presets": Array [
      "@babel/preset-typescript",
      Array [
        "@babel/preset-env",
        Object {
          "bugfixes": true,
          "corejs": "3.8",
          "modules": false,
          "targets": Object {
            "browsers": Array [
              "and_chr >= 67",
              "and_ff >= 18",
              "and_uc >= 11.8",
              "android >= 67",
              "not android <= 4.4.4",
              "chrome >= 49",
              "edge >= 12",
              "firefox >= 18",
              "ios_saf >= 10",
              "not op_mini all",
              "op_mob >= 46",
              "opera >= 36",
              "safari >= 10",
              "samsung >= 5",
            ],
          },
          "useBuiltIns": "entry",
        },
      ],
      Array [
        "@babel/preset-react",
        Object {
          "importSource": "@emotion/react",
          "runtime": "automatic",
        },
      ],
    ],
    "sourceType": "unambiguous",
  },
  "module": Object {
    "compact": true,
    "plugins": Array [
      Array [
        "@emotion/babel-plugin",
        Object {
          "importMap": Object {
            "frontity": Object {
              "Global": Object {
                "canonicalImport": Array [
                  "@emotion/react",
                  "Global",
                ],
              },
              "css": Object {
                "canonicalImport": Array [
                  "@emotion/react",
                  "css",
                ],
              },
              "styled": Object {
                "canonicalImport": Array [
                  "@emotion/styled",
                  "default",
                ],
              },
            },
          },
        },
      ],
      "babel-plugin-macros",
      "@babel/plugin-syntax-dynamic-import",
      "@loadable/babel-plugin",
      "@babel/plugin-proposal-object-rest-spread",
      "@babel/plugin-proposal-class-properties",
      "babel-plugin-lodash",
      Array [
        "babel-plugin-transform-inline-environment-variables",
        Object {
          "include": Array [
            "CWD",
          ],
        },
      ],
    ],
    "presets": Array [
      "@babel/preset-typescript",
      Array [
        "@babel/preset-env",
        Object {
          "bugfixes": true,
          "corejs": "3.8",
          "modules": false,
          "targets": Object {
            "esmodules": true,
          },
          "useBuiltIns": "entry",
        },
      ],
      Array [
        "@babel/preset-react",
        Object {
          "importSource": "@emotion/react",
          "runtime": "automatic",
        },
      ],
    ],
    "sourceType": "unambiguous",
  },
  "server": Object {
    "compact": true,
    "plugins": Array [
      Array [
        "@emotion/babel-plugin",
        Object {
          "importMap": Object {
            "frontity": Object {
              "Global": Object {
                "canonicalImport": Array [
                  "@emotion/react",
                  "Global",
                ],
              },
              "css": Object {
                "canonicalImport": Array [
                  "@emotion/react",
                  "css",
                ],
              },
              "styled": Object {
                "canonicalImport": Array [
                  "@emotion/styled",
                  "default",
                ],
              },
            },
          },
        },
      ],
      "babel-plugin-macros",
      "@babel/plugin-syntax-dynamic-import",
      "@loadable/babel-plugin",
      "@babel/plugin-proposal-object-rest-spread",
      "@babel/plugin-proposal-class-properties",
      "babel-plugin-lodash",
      Array [
        "babel-plugin-transform-inline-environment-variables",
        Object {
          "include": Array [
            "CWD",
          ],
        },
      ],
    ],
    "presets": Array [
      "@babel/preset-typescript",
      Array [
        "@babel/preset-env",
        Object {
          "bugfixes": true,
          "corejs": "3.8",
          "modules": false,
          "targets": Object {
            "node": "10",
          },
          "useBuiltIns": "entry",
        },
      ],
      Array [
        "@babel/preset-react",
        Object {
          "importSource": "@emotion/react",
          "runtime": "automatic",
        },
      ],
    ],
    "sourceType": "unambiguous",
  },
}
`;

exports[`Babel returns for production 1`] = `
Object {
  "es5": Object {
    "compact": true,
    "plugins": Array [
      Array [
        "@emotion/babel-plugin",
        Object {
          "importMap": Object {
            "frontity": Object {
              "Global": Object {
                "canonicalImport": Array [
                  "@emotion/react",
                  "Global",
                ],
              },
              "css": Object {
                "canonicalImport": Array [
                  "@emotion/react",
                  "css",
                ],
              },
              "styled": Object {
                "canonicalImport": Array [
                  "@emotion/styled",
                  "default",
                ],
              },
            },
          },
        },
      ],
      "babel-plugin-macros",
      "@babel/plugin-syntax-dynamic-import",
      "@loadable/babel-plugin",
      "@babel/plugin-proposal-object-rest-spread",
      "@babel/plugin-proposal-class-properties",
      "babel-plugin-lodash",
      Array [
        "babel-plugin-transform-inline-environment-variables",
        Object {
          "include": Array [
            "CWD",
          ],
        },
      ],
    ],
    "presets": Array [
      "@babel/preset-typescript",
      Array [
        "@babel/preset-env",
        Object {
          "bugfixes": true,
          "corejs": "3.8",
          "modules": false,
          "targets": Object {
            "browsers": Array [
              "and_chr >= 67",
              "and_ff >= 18",
              "and_uc >= 11.8",
              "android >= 67",
              "not android <= 4.4.4",
              "chrome >= 49",
              "edge >= 12",
              "firefox >= 18",
              "ios_saf >= 10",
              "not op_mini all",
              "op_mob >= 46",
              "opera >= 36",
              "safari >= 10",
              "samsung >= 5",
            ],
          },
          "useBuiltIns": "entry",
        },
      ],
      Array [
        "@babel/preset-react",
        Object {
          "importSource": "@emotion/react",
          "runtime": "automatic",
        },
      ],
    ],
    "sourceType": "unambiguous",
  },
  "module": Object {
    "compact": true,
    "plugins": Array [
      Array [
        "@emotion/babel-plugin",
        Object {
          "importMap": Object {
            "frontity": Object {
              "Global": Object {
                "canonicalImport": Array [
                  "@emotion/react",
                  "Global",
                ],
              },
              "css": Object {
                "canonicalImport": Array [
                  "@emotion/react",
                  "css",
                ],
              },
              "styled": Object {
                "canonicalImport": Array [
                  "@emotion/styled",
                  "default",
                ],
              },
            },
          },
        },
      ],
      "babel-plugin-macros",
      "@babel/plugin-syntax-dynamic-import",
      "@loadable/babel-plugin",
      "@babel/plugin-proposal-object-rest-spread",
      "@babel/plugin-proposal-class-properties",
      "babel-plugin-lodash",
      Array [
        "babel-plugin-transform-inline-environment-variables",
        Object {
          "include": Array [
            "CWD",
          ],
        },
      ],
    ],
    "presets": Array [
      "@babel/preset-typescript",
      Array [
        "@babel/preset-env",
        Object {
          "bugfixes": true,
          "corejs": "3.8",
          "modules": false,
          "targets": Object {
            "esmodules": true,
          },
          "useBuiltIns": "entry",
        },
      ],
      Array [
        "@babel/preset-react",
        Object {
          "importSource": "@emotion/react",
          "runtime": "automatic",
        },
      ],
    ],
    "sourceType": "unambiguous",
  },
  "server": Object {
    "compact": true,
    "plugins": Array [
      Array [
        "@emotion/babel-plugin",
        Object {
          "importMap": Object {
            "frontity": Object {
              "Global": Object {
                "canonicalImport": Array [
                  "@emotion/react",
                  "Global",
                ],
              },
              "css": Object {
                "canonicalImport": Array [
                  "@emotion/react",
                  "css",
                ],
              },
              "styled": Object {
                "canonicalImport": Array [
                  "@emotion/styled",
                  "default",
                ],
              },
            },
          },
        },
      ],
      "babel-plugin-macros",
      "@babel/plugin-syntax-dynamic-import",
      "@loadable/babel-plugin",
      "@babel/plugin-proposal-object-rest-spread",
      "@babel/plugin-proposal-class-properties",
      "babel-plugin-lodash",
      Array [
        "babel-plugin-transform-inline-environment-variables",
        Object {
          "include": Array [
            "CWD",
          ],
        },
      ],
    ],
    "presets": Array [
      "@babel/preset-typescript",
      Array [
        "@babel/preset-env",
        Object {
          "bugfixes": true,
          "corejs": "3.8",
          "modules": false,
          "targets": Object {
            "node": "10",
          },
          "useBuiltIns": "entry",
        },
      ],
      Array [
        "@babel/preset-react",
        Object {
          "importSource": "@emotion/react",
          "runtime": "automatic",
        },
      ],
    ],
    "sourceType": "unambiguous",
  },
}
`;
