// Jest Snapshot v1, https://goo.gl/fbAQLP

exports[`Babel returns for development 1`] = `
Object {
  "es5": Object {
    "compact": true,
    "plugins": Array [
      "babel-plugin-frontity",
      "@babel/plugin-syntax-dynamic-import",
      "@loadable/babel-plugin",
      "@babel/plugin-proposal-object-rest-spread",
      "@babel/plugin-proposal-class-properties",
      Array [
        "babel-plugin-transform-inline-environment-variables",
        Object {
          "include": Array [
            "CWD",
          ],
        },
      ],
    ],
    "presets": Array [
      "@babel/preset-typescript",
      Array [
        "@babel/preset-env",
        Object {
          "corejs": "3",
          "modules": false,
          "targets": Object {
            "browsers": Array [
              "and_chr >= 67",
              "and_ff >= 18",
              "and_uc >= 11.8",
              "android >= 67",
              "not android <= 4.4.4",
              "chrome >= 49",
              "edge >= 12",
              "firefox >= 18",
              "ios_saf >= 10",
              "not op_mini all",
              "op_mob >= 46",
              "opera >= 36",
              "safari >= 10",
              "samsung >= 5",
            ],
          },
          "useBuiltIns": "entry",
        },
      ],
      "@babel/preset-react",
      "@emotion/babel-preset-css-prop",
    ],
  },
  "module": Object {
    "compact": true,
    "plugins": Array [
      "babel-plugin-frontity",
      "@babel/plugin-syntax-dynamic-import",
      "@loadable/babel-plugin",
      "@babel/plugin-proposal-object-rest-spread",
      "@babel/plugin-proposal-class-properties",
      Array [
        "babel-plugin-transform-inline-environment-variables",
        Object {
          "include": Array [
            "CWD",
          ],
        },
      ],
    ],
    "presets": Array [
      "@babel/preset-typescript",
      Array [
        "@babel/preset-env",
        Object {
          "corejs": false,
          "modules": false,
          "targets": Object {
            "esmodules": true,
          },
          "useBuiltIns": false,
        },
      ],
      "@babel/preset-react",
      "@emotion/babel-preset-css-prop",
    ],
  },
  "server": Object {
    "compact": true,
    "plugins": Array [
      "babel-plugin-frontity",
      "@babel/plugin-syntax-dynamic-import",
      "@loadable/babel-plugin",
      "@babel/plugin-proposal-object-rest-spread",
      "@babel/plugin-proposal-class-properties",
      Array [
        "babel-plugin-transform-inline-environment-variables",
        Object {
          "include": Array [
            "CWD",
          ],
        },
      ],
    ],
    "presets": Array [
      "@babel/preset-typescript",
      Array [
        "@babel/preset-env",
        Object {
          "corejs": false,
          "modules": false,
          "targets": Object {
            "node": "8.10",
          },
          "useBuiltIns": false,
        },
      ],
      "@babel/preset-react",
      "@emotion/babel-preset-css-prop",
    ],
  },
}
`;

exports[`Babel returns for production 1`] = `
Object {
  "es5": Object {
    "compact": true,
    "plugins": Array [
      "babel-plugin-frontity",
      "@babel/plugin-syntax-dynamic-import",
      "@loadable/babel-plugin",
      "@babel/plugin-proposal-object-rest-spread",
      "@babel/plugin-proposal-class-properties",
      Array [
        "babel-plugin-transform-inline-environment-variables",
        Object {
          "include": Array [
            "CWD",
          ],
        },
      ],
    ],
    "presets": Array [
      "@babel/preset-typescript",
      Array [
        "@babel/preset-env",
        Object {
          "corejs": "3",
          "modules": false,
          "targets": Object {
            "browsers": Array [
              "and_chr >= 67",
              "and_ff >= 18",
              "and_uc >= 11.8",
              "android >= 67",
              "not android <= 4.4.4",
              "chrome >= 49",
              "edge >= 12",
              "firefox >= 18",
              "ios_saf >= 10",
              "not op_mini all",
              "op_mob >= 46",
              "opera >= 36",
              "safari >= 10",
              "samsung >= 5",
            ],
          },
          "useBuiltIns": "entry",
        },
      ],
      "@babel/preset-react",
      "@emotion/babel-preset-css-prop",
    ],
  },
  "module": Object {
    "compact": true,
    "plugins": Array [
      "babel-plugin-frontity",
      "@babel/plugin-syntax-dynamic-import",
      "@loadable/babel-plugin",
      "@babel/plugin-proposal-object-rest-spread",
      "@babel/plugin-proposal-class-properties",
      Array [
        "babel-plugin-transform-inline-environment-variables",
        Object {
          "include": Array [
            "CWD",
          ],
        },
      ],
    ],
    "presets": Array [
      "@babel/preset-typescript",
      Array [
        "@babel/preset-env",
        Object {
          "corejs": false,
          "modules": false,
          "targets": Object {
            "esmodules": true,
          },
          "useBuiltIns": false,
        },
      ],
      "@babel/preset-react",
      "@emotion/babel-preset-css-prop",
    ],
  },
  "server": Object {
    "compact": true,
    "plugins": Array [
      "babel-plugin-frontity",
      "@babel/plugin-syntax-dynamic-import",
      "@loadable/babel-plugin",
      "@babel/plugin-proposal-object-rest-spread",
      "@babel/plugin-proposal-class-properties",
      Array [
        "babel-plugin-transform-inline-environment-variables",
        Object {
          "include": Array [
            "CWD",
          ],
        },
      ],
    ],
    "presets": Array [
      "@babel/preset-typescript",
      Array [
        "@babel/preset-env",
        Object {
          "corejs": false,
          "modules": false,
          "targets": Object {
            "node": "8.10",
          },
          "useBuiltIns": false,
        },
      ],
      "@babel/preset-react",
      "@emotion/babel-preset-css-prop",
    ],
  },
}
`;
