// Jest Snapshot v1, https://goo.gl/fbAQLP

exports[`generateClientEntryPoints should avoid creating the client file at all if packages have no entry points 1`] = `Array []`;

exports[`generateClientEntryPoints should write HMR code if in development 1`] = `
"import client from \\"@frontity/core/src/client\\";
import package1_default from \\"package1/src/index\\";
import package2_default from \\"package2/src/client\\";

const packages = {
  package1_default,
  package2_default,
};

export default client({ packages });

if (module[\\"hot\\"]) {
  module[\\"hot\\"].accept(
    [
      \\"@frontity/core/src/client\\",
      \\"package1/src/index\\",
      \\"package2/src/client\\",
    ],
    () => {
      const client = require(\\"@frontity/core/src/client\\").default;
      const package1_default = require(\\"package1/src/index\\").default;
      const package2_default = require(\\"package2/src/client\\").default;
      const packages = {
        package1_default,
        package2_default,
      };
      client({ packages });
    }
  );
}"
`;

exports[`generateClientEntryPoints should write multiple client entry points 1`] = `
Array [
  Array [
    "/build/bundling/entry-points/site-html",
  ],
  Array [
    "/build/bundling/entry-points/site-2",
  ],
  Array [
    "/build/bundling/entry-points/site-amp",
  ],
]
`;

exports[`generateClientEntryPoints should write multiple client entry points 2`] = `
Object {
  "in": Array [
    Object {
      "mode": "default",
      "name": "site-html",
      "packages": Array [
        "package1",
        "package2",
        "package2",
      ],
    },
    Object {
      "mode": "amp",
      "name": "site-amp",
      "packages": Array [
        "package1",
        "package3",
      ],
    },
    Object {
      "mode": "default",
      "name": "site-2",
      "packages": Array [
        "package1",
      ],
    },
  ],
  "out": Array [
    Array [
      "/build/bundling/entry-points/site-html/client.ts",
      "import client from \\"@frontity/core/src/client\\";
import package1_default from \\"package1/src/index\\";
import package2_default from \\"package2/src/client\\";

const packages = {
  package1_default,
  package2_default,
};

export default client({ packages });

",
      "utf8",
    ],
    Array [
      "/build/bundling/entry-points/site-2/client.ts",
      "import client from \\"@frontity/core/src/client\\";
import package1_default from \\"package1/src/index\\";

const packages = {
  package1_default,
};

export default client({ packages });

",
      "utf8",
    ],
    Array [
      "/build/bundling/entry-points/site-amp/client.ts",
      "import client from \\"@frontity/core/src/client\\";
import package1_amp from \\"package1/src/index\\";
import package3_amp from \\"package3/src/amp/client/index\\";

const packages = {
  package1_amp,
  package3_amp,
};

export default client({ packages });

",
      "utf8",
    ],
  ],
}
`;

exports[`generateClientEntryPoints should write multiple client entry points 3`] = `
Array [
  Object {
    "name": "site-html",
    "path": "/build/bundling/entry-points/site-html/client.ts",
  },
  Object {
    "name": "site-amp",
    "path": "/build/bundling/entry-points/site-amp/client.ts",
  },
  Object {
    "name": "site-2",
    "path": "/build/bundling/entry-points/site-2/client.ts",
  },
]
`;

exports[`generateClientEntryPoints should write one client entry point 1`] = `
Array [
  "/build/bundling/entry-points/site-1",
]
`;

exports[`generateClientEntryPoints should write one client entry point 2`] = `
Object {
  "in": Array [
    Object {
      "mode": "default",
      "name": "site-1",
      "packages": Array [
        "package1",
        "package2",
      ],
    },
  ],
  "out": Array [
    "/build/bundling/entry-points/site-1/client.ts",
    "import client from \\"@frontity/core/src/client\\";
import package1_default from \\"package1/src/index\\";
import package2_default from \\"package2/src/client\\";

const packages = {
  package1_default,
  package2_default,
};

export default client({ packages });

",
    "utf8",
  ],
}
`;

exports[`generateClientEntryPoints should write one client entry point 3`] = `
Array [
  Object {
    "name": "site-1",
    "path": "/build/bundling/entry-points/site-1/client.ts",
  },
]
`;

exports[`generateServerEntryPoint should write one server entry point for multiple sites 1`] = `
Object {
  "in": Array [
    Object {
      "mode": "default",
      "name": "site-html",
      "packages": Array [
        "package1",
        "package2",
        "package2",
      ],
    },
    Object {
      "mode": "amp",
      "name": "site-amp",
      "packages": Array [
        "package1",
        "package3",
      ],
    },
    Object {
      "mode": "default",
      "name": "site-2",
      "packages": Array [
        "package1",
      ],
    },
  ],
  "out": Array [
    Array [
      "/build/bundling/entry-points/server.ts",
      "import server from \\"@frontity/core/src/server\\";
import package1_default from \\"package1/src/index\\";
import package2_default from \\"package2/src/server\\";
import package1_amp from \\"package1/src/index\\";
import package3_amp from \\"package3/src/amp/server\\";

const packages = {
  package1_default,
  package2_default,
  package1_amp,
  package3_amp,
};

export default server({ packages });

",
      "utf8",
    ],
  ],
}
`;

exports[`generateServerEntryPoint should write one server entry point for multiple sites 2`] = `
Object {
  "name": "server",
  "path": "/build/bundling/entry-points/server.ts",
}
`;

exports[`generateServerEntryPoint should write one server entry point for one site 1`] = `
Object {
  "in": Array [
    Object {
      "mode": "default",
      "name": "site-1",
      "packages": Array [
        "package1",
        "package2",
      ],
    },
  ],
  "out": Array [
    "/build/bundling/entry-points/server.ts",
    "import server from \\"@frontity/core/src/server\\";
import package1_default from \\"package1/src/index\\";
import package2_default from \\"package2/src/server\\";

const packages = {
  package1_default,
  package2_default,
};

export default server({ packages });

",
    "utf8",
  ],
}
`;

exports[`generateServerEntryPoint should write one server entry point for one site 2`] = `
Object {
  "name": "server",
  "path": "/build/bundling/entry-points/server.ts",
}
`;
