// Jest Snapshot v1, https://goo.gl/fbAQLP

exports[`post archive fetchs from a different endpoint with extra params 1`] = `
Array [
  Array [
    Object {
      "endpoint": "multiple-post-type",
      "params": Object {
        "_embed": true,
        "page": 1,
        "search": undefined,
        "type": Array [
          "post",
          "cpt",
        ],
      },
    },
  ],
]
`;

exports[`post archive fetchs from a different endpoint with extra params 2`] = `
Object {
  "api": "https://test.frontity.io",
  "attachment": Object {
    "1": Object {
      "author": 1,
      "id": 1,
      "link": "/post-1/attachment-1/",
      "slug": "attachment-1",
      "type": "attachment",
    },
    "12": Object {
      "author": 1,
      "id": 12,
      "link": "/cpt/cpt-11/attachment-cpt-11/",
      "slug": "attachment-cpt-11",
      "type": "attachment",
    },
    "2": Object {
      "author": 1,
      "id": 2,
      "link": "/post-2/attachment-2/",
      "slug": "attachment-2",
      "type": "attachment",
    },
  },
  "author": Object {
    "1": Object {
      "id": 1,
      "link": "/author/author-1/",
      "name": "Author 1",
      "slug": "author-1",
    },
  },
  "category": Object {
    "1": Object {
      "count": 5,
      "id": 1,
      "link": "/category/cat-1/",
      "parent": 0,
      "slug": "cat-1",
      "taxonomy": "category",
    },
  },
  "categoryBase": "",
  "cpt": Object {
    "11": Object {
      "_embedded": Object {
        "author": Array [
          1,
        ],
        "wp:featuredmedia": Array [
          12,
        ],
        "wp:term": Array [
          Array [
            1,
          ],
        ],
      },
      "author": 1,
      "categories": Array [
        1,
      ],
      "featured_media": 12,
      "id": 11,
      "link": "/cpt/cpt-11/",
      "slug": "cpt-11",
      "tags": Array [],
      "type": "cpt",
    },
  },
  "data": Object {
    "/": Object {
      "isArchive": true,
      "isFetching": false,
      "isHome": true,
      "isPostArchive": true,
      "isPostTypeArchive": true,
      "isReady": true,
      "items": Array [
        Object {
          "id": 1,
          "link": "/post-1/",
          "type": "post",
        },
        Object {
          "id": 11,
          "link": "/cpt/cpt-11/",
          "type": "cpt",
        },
        Object {
          "id": 2,
          "link": "/post-2/",
          "type": "post",
        },
      ],
      "total": 5,
      "totalPages": 2,
      "type": "post",
    },
  },
  "get": [Function],
  "homepage": "",
  "isWpCom": false,
  "page": Object {},
  "params": Object {
    "type": Array [
      "post",
      "cpt",
    ],
  },
  "post": Object {
    "1": Object {
      "_embedded": Object {
        "author": Array [
          1,
        ],
        "wp:featuredmedia": Array [
          1,
        ],
        "wp:term": Array [
          Array [
            1,
          ],
        ],
      },
      "author": 1,
      "categories": Array [
        1,
      ],
      "featured_media": 1,
      "id": 1,
      "link": "/post-1/",
      "slug": "post-1",
      "tags": Array [],
      "type": "post",
    },
    "2": Object {
      "_embedded": Object {
        "author": Array [
          1,
        ],
        "wp:featuredmedia": Array [
          2,
        ],
        "wp:term": Array [
          Array [
            1,
          ],
        ],
      },
      "author": 1,
      "categories": Array [
        1,
      ],
      "featured_media": 2,
      "id": 2,
      "link": "/post-2/",
      "slug": "post-2",
      "tags": Array [],
      "type": "post",
    },
  },
  "postEndpoint": "multiple-post-type",
  "postsPage": "",
  "subdirectory": "",
  "tag": Object {},
  "tagBase": "",
}
`;

exports[`post archive works with first page 1`] = `
Object {
  "api": "https://test.frontity.io",
  "attachment": Object {
    "1": Object {
      "author": 1,
      "id": 1,
      "link": "/post-1/attachment-1/",
      "slug": "attachment-1",
      "type": "attachment",
    },
    "2": Object {
      "author": 1,
      "id": 2,
      "link": "/post-2/attachment-2/",
      "slug": "attachment-2",
      "type": "attachment",
    },
    "3": Object {
      "author": 1,
      "id": 3,
      "link": "/post-3/attachment-3/",
      "slug": "attachment-3",
      "type": "attachment",
    },
  },
  "author": Object {
    "1": Object {
      "id": 1,
      "link": "/author/author-1/",
      "name": "Author 1",
      "slug": "author-1",
    },
  },
  "category": Object {
    "1": Object {
      "count": 5,
      "id": 1,
      "link": "/category/cat-1/",
      "parent": 0,
      "slug": "cat-1",
      "taxonomy": "category",
    },
  },
  "categoryBase": "",
  "data": Object {
    "/": Object {
      "isArchive": true,
      "isFetching": false,
      "isHome": true,
      "isPostArchive": true,
      "isPostTypeArchive": true,
      "isReady": true,
      "items": Array [
        Object {
          "id": 1,
          "link": "/post-1/",
          "type": "post",
        },
        Object {
          "id": 2,
          "link": "/post-2/",
          "type": "post",
        },
        Object {
          "id": 3,
          "link": "/post-3/",
          "type": "post",
        },
      ],
      "total": 5,
      "totalPages": 2,
      "type": "post",
    },
  },
  "get": [Function],
  "homepage": "",
  "isWpCom": false,
  "page": Object {},
  "params": Object {},
  "post": Object {
    "1": Object {
      "_embedded": Object {
        "author": Array [
          1,
        ],
        "wp:featuredmedia": Array [
          1,
        ],
        "wp:term": Array [
          Array [
            1,
          ],
        ],
      },
      "author": 1,
      "categories": Array [
        1,
      ],
      "featured_media": 1,
      "id": 1,
      "link": "/post-1/",
      "slug": "post-1",
      "tags": Array [],
      "type": "post",
    },
    "2": Object {
      "_embedded": Object {
        "author": Array [
          1,
        ],
        "wp:featuredmedia": Array [
          2,
        ],
        "wp:term": Array [
          Array [
            1,
          ],
        ],
      },
      "author": 1,
      "categories": Array [
        1,
      ],
      "featured_media": 2,
      "id": 2,
      "link": "/post-2/",
      "slug": "post-2",
      "tags": Array [],
      "type": "post",
    },
    "3": Object {
      "_embedded": Object {
        "author": Array [
          1,
        ],
        "wp:featuredmedia": Array [
          3,
        ],
        "wp:term": Array [
          Array [
            1,
          ],
        ],
      },
      "author": 1,
      "categories": Array [
        1,
      ],
      "featured_media": 3,
      "id": 3,
      "link": "/post-3/",
      "slug": "post-3",
      "tags": Array [],
      "type": "post",
    },
  },
  "postEndpoint": "posts",
  "postsPage": "",
  "subdirectory": "",
  "tag": Object {},
  "tagBase": "",
}
`;

exports[`post archive works with pagination 1`] = `
Object {
  "api": "https://test.frontity.io",
  "attachment": Object {
    "4": Object {
      "author": 1,
      "id": 4,
      "link": "/post-4/attachment-4/",
      "slug": "attachment-4",
      "type": "attachment",
    },
    "5": Object {
      "author": 1,
      "id": 5,
      "link": "/post-5/attachment-5/",
      "slug": "attachment-5",
      "type": "attachment",
    },
  },
  "author": Object {
    "1": Object {
      "id": 1,
      "link": "/author/author-1/",
      "name": "Author 1",
      "slug": "author-1",
    },
  },
  "category": Object {
    "1": Object {
      "count": 5,
      "id": 1,
      "link": "/category/cat-1/",
      "parent": 0,
      "slug": "cat-1",
      "taxonomy": "category",
    },
  },
  "categoryBase": "",
  "data": Object {
    "/page/2/": Object {
      "isArchive": true,
      "isFetching": false,
      "isHome": true,
      "isPostArchive": true,
      "isPostTypeArchive": true,
      "isReady": true,
      "items": Array [
        Object {
          "id": 4,
          "link": "/post-4/",
          "type": "post",
        },
        Object {
          "id": 5,
          "link": "/post-5/",
          "type": "post",
        },
      ],
      "total": 5,
      "totalPages": 2,
      "type": "post",
    },
  },
  "get": [Function],
  "homepage": "",
  "isWpCom": false,
  "page": Object {},
  "params": Object {},
  "post": Object {
    "4": Object {
      "_embedded": Object {
        "author": Array [
          1,
        ],
        "wp:featuredmedia": Array [
          4,
        ],
        "wp:term": Array [
          Array [
            1,
          ],
        ],
      },
      "author": 1,
      "categories": Array [
        1,
      ],
      "featured_media": 4,
      "id": 4,
      "link": "/post-4/",
      "slug": "post-4",
      "tags": Array [],
      "type": "post",
    },
    "5": Object {
      "_embedded": Object {
        "author": Array [
          1,
        ],
        "wp:featuredmedia": Array [
          5,
        ],
        "wp:term": Array [
          Array [
            1,
          ],
        ],
      },
      "author": 1,
      "categories": Array [
        1,
      ],
      "featured_media": 5,
      "id": 5,
      "link": "/post-5/",
      "slug": "post-5",
      "tags": Array [],
      "type": "post",
    },
  },
  "postEndpoint": "posts",
  "postsPage": "",
  "subdirectory": "",
  "tag": Object {},
  "tagBase": "",
}
`;
